// Jest Snapshot v1, https://goo.gl/fbAQLP

exports[`renders correctly 1`] = `
.c0 {
  display: block;
  margin: 0;
  padding: 3rem 0;
  font-weight: bold;
  line-height: 7rem;
  -webkit-user-select: none;
  -moz-user-select: none;
  -ms-user-select: none;
  user-select: none;
}

.c0 span:last-of-type {
  display: block;
}

.c0 span:last-of-type::after {
  content: '.';
}

.c6 {
  display: grid;
  grid-template-columns: 1fr 1fr 1fr;
  -webkit-column-gap: 1rem;
  column-gap: 1rem;
  row-gap: 1rem;
  margin-top: 5rem;
  padding: 1rem 0;
}

.c1 {
  display: inline;
}

.c1 select {
  margin: 3rem .5rem 0;
  padding: .5rem 1rem;
  border: none;
}

.c3 {
  position: absolute;
  width: 100%;
  min-height: 60vh;
  z-index: 1;
}

.c4 {
  display: grid;
  grid-template-columns: 1fr 1fr 1fr;
  -webkit-column-gap: 1rem;
  column-gap: 1rem;
  row-gap: 1rem;
  margin-top: 5rem;
  padding: 1rem 0;
  overflow: hidden;
}

.c2 {
  position: relative;
  overflow: hidden;
}

.c2 ~ section {
  display: none;
}

.c2.done ~ section {
  display: block;
}

.c2 .load-image {
  display: block;
  height: 100%;
  overflow: hidden;
  -webkit-transform: skewX(30deg);
  -ms-transform: skewX(30deg);
  transform: skewX(30deg);
  -webkit-animation: skew .5s forwards;
  animation: skew .5s forwards;
  -webkit-animation-delay: .5s;
  animation-delay: .5s;
}

.c2 .load-image img {
  display: block;
  object-fit: cover;
  height: 100%;
  position: absolute;
  left: -1000px;
  -webkit-animation: slide 1s forwards;
  animation: slide 1s forwards;
}

.c5 {
  -webkit-transition: background;
  transition: background;
  text-align: center;
  -webkit-animation: pulse 1s infinite alternate;
  animation: pulse 1s infinite alternate;
}

.c5:first-of-type {
  grid-column: 2;
}

.c5 .card {
  padding: 10%;
}

.c5 .card__short-title {
  font-weight: bold;
}

<main
  className="content-wrapper"
>
  <a
    className="c0"
    href="/"
  >
    <span>
      Star Wars
    </span>
    <span>
      Universe
    </span>
  </a>
  <span>
    What are you looking for?
  </span>
  <div
    className="c1"
  >
    <select
      onChange={[Function]}
      value=""
    />
  </div>
  <section
    className="c2 "
  >
    <div
      className="c3"
    />
    <div
      className="c4"
    >
      <div
        className="load-image loader"
      >
        <img
          alt=""
          src={"http://localhost/sw-loading.gif"}
        />
      </div>
      <div
        className="c5 loader"
      >
        <article
          className="card"
        >
          <span
            className="card__short-title"
          >
            L
          </span>
          <h1
            className="card__title"
          >
            Loading...
          </h1>
        </article>
      </div>
      <div
        className="c5 loader"
      >
        <article
          className="card"
        >
          <span
            className="card__short-title"
          >
            L
          </span>
          <h1
            className="card__title"
          >
            Loading...
          </h1>
        </article>
      </div>
      <div
        className="c5 loader"
      >
        <article
          className="card"
        >
          <span
            className="card__short-title"
          >
            L
          </span>
          <h1
            className="card__title"
          >
            Loading...
          </h1>
        </article>
      </div>
      <div
        className="c5 loader"
      >
        <article
          className="card"
        >
          <span
            className="card__short-title"
          >
            L
          </span>
          <h1
            className="card__title"
          >
            Loading...
          </h1>
        </article>
      </div>
      <div
        className="c5 loader"
      >
        <article
          className="card"
        >
          <span
            className="card__short-title"
          >
            L
          </span>
          <h1
            className="card__title"
          >
            Loading...
          </h1>
        </article>
      </div>
      <div
        className="c5 loader"
      >
        <article
          className="card"
        >
          <span
            className="card__short-title"
          >
            L
          </span>
          <h1
            className="card__title"
          >
            Loading...
          </h1>
        </article>
      </div>
      <div
        className="c5 loader"
      >
        <article
          className="card"
        >
          <span
            className="card__short-title"
          >
            L
          </span>
          <h1
            className="card__title"
          >
            Loading...
          </h1>
        </article>
      </div>
      <div
        className="c5 loader"
      >
        <article
          className="card"
        >
          <span
            className="card__short-title"
          >
            L
          </span>
          <h1
            className="card__title"
          >
            Loading...
          </h1>
        </article>
      </div>
    </div>
  </section>
  <section>
    <div
      className="c6"
    />
  </section>
</main>
`;
