// Jest Snapshot v1, https://goo.gl/fbAQLP

exports[`renders correctly 1`] = `
.c0 {
  display: block;
  margin: 0;
  padding: 3rem 0;
  font-weight: bold;
  line-height: 7rem;
  -webkit-user-select: none;
  -moz-user-select: none;
  -ms-user-select: none;
  user-select: none;
}

.c0 span:last-of-type {
  display: block;
}

.c0 span:last-of-type::after {
  content: '.';
}

<a
  className="c0"
  href="/"
>
  <span>
    Star Wars
  </span>
  <span>
    Universe
  </span>
</a>
`;
